// Jest Snapshot v1, https://goo.gl/fbAQLP

exports[`Button1 Snapshot 1`] = `
<View
  accessible={true}
  focusable={false}
  isTVSelectable={true}
  onClick={[Function]}
  onResponderGrant={[Function]}
  onResponderMove={[Function]}
  onResponderRelease={[Function]}
  onResponderTerminate={[Function]}
  onResponderTerminationRequest={[Function]}
  onStartShouldSetResponder={[Function]}
  style={
    Object {
      "alignSelf": "stretch",
      "backgroundColor": "#38ba7d",
      "borderBottomColor": "#1e6343",
      "borderBottomWidth": 6,
      "borderWidth": 1,
      "height": 45,
      "justifyContent": "center",
      "marginLeft": 15,
      "marginRight": 15,
      "opacity": 1,
    }
  }
>
  <Text
    style={
      Object {
        "alignSelf": "center",
        "color": "#fff",
        "fontSize": 16,
        "fontWeight": "600",
      }
    }
  />
</View>
`;
